// Jest Snapshot v1, https://goo.gl/fbAQLP

exports[`App component displays correct components 1`] = `
<div>
  <div>
    <h1
      class="title"
    >
      Teams
    </h1>
  </div>
  <div
    class="links"
  >
    <div
      class="link"
    >
      <a
        href="/createteams"
      >
        Create Teams
      </a>
    </div>
    <div
      class="link"
    >
      <a
        href="/addplayers"
      >
        Add New People
      </a>
    </div>
  </div>
  <div
    class="footer"
  >
    <div
      class="footericons"
    >
      <a
        href="https://github.com/PeteMcNie"
      >
        <i
          class="fab fa-github"
          id="github"
        />
      </a>
    </div>
    <div>
      P. R. McNie
    </div>
  </div>
</div>
`;
