// Jest Snapshot v1, https://goo.gl/fbAQLP

exports[`Footer component matchs snapshot 1`] = `
<div>
  <div
    class="footer"
  >
    <div
      aria-hidden="false"
      class="footericons"
    >
      <a
        alt="Link to Pete McNie github"
        aria-label="Link to Pete McNie github"
        href="https://github.com/PeteMcNie"
      >
        <i
          class="fab fa-github"
          id="github"
        />
      </a>
    </div>
    <div>
      P. R. McNie
    </div>
  </div>
</div>
`;
