// Jest Snapshot v1, https://goo.gl/fbAQLP

exports[`Footer component matchs snapshot 1`] = `
<div>
  <div
    class="footer"
  >
    <div
      class="footericons"
    >
      <a
        href="https://github.com/PeteMcNie"
      >
        <i
          class="fab fa-github"
          id="github"
        />
      </a>
    </div>
    <div>
      P. R. McNie
    </div>
  </div>
</div>
`;
