// Jest Snapshot v1, https://goo.gl/fbAQLP

exports[`SelectPeople component matchs snapshot 1`] = `
<div>
  <div>
    <form>
      <ul
        class="peopleGrid"
        data-cy="peopleList"
      />
      <div>
        <input
          class="selectAll"
          type="button"
          value="Select / Deselect All"
        />
      </div>
      <div>
        <p
          class="heading"
        >
          Select number of Teams
        </p>
        <select
          class="numberOfTeams"
          data-cy="teamNumber"
          name="amount"
        >
          <option
            value="2"
          >
            2
          </option>
          <option
            value="3"
          >
            3
          </option>
          <option
            value="4"
          >
            4
          </option>
          <option
            value="5"
          >
            5
          </option>
          <option
            value="6"
          >
            6
          </option>
          <option
            value="7"
          >
            7
          </option>
          <option
            value="8"
          >
            8
          </option>
          <option
            value="9"
          >
            9
          </option>
          <option
            value="10"
          >
            10
          </option>
        </select>
      </div>
      <div>
        <input
          class="createTeams"
          data-cy="submit"
          type="submit"
          value="Create Teams!"
        />
      </div>
    </form>
  </div>
</div>
`;
