// Jest Snapshot v1, https://goo.gl/fbAQLP

exports[`teams component matches snapshot 1`] = `
<DocumentFragment>
  <div>
    <div
      class="team"
    >
      <h3
        class="teamHeading"
      >
        Team One:
      </h3>
      <ul
        class="teamsGrid"
      >
        <li>
          Pete
        </li>
        <li>
          Steve
        </li>
        <li>
          Jill
        </li>
      </ul>
    </div>
    <div
      class="team"
    >
      <h3
        class="teamHeading"
      >
        Team Two:
      </h3>
      <ul
        class="teamsGrid"
      >
        <li>
          Dan
        </li>
        <li>
          Lucy
        </li>
        <li>
          Court
        </li>
      </ul>
    </div>
    <div
      class="team"
    >
      <h3
        class="teamHeading"
      >
        Team Three:
      </h3>
      <ul
        class="teamsGrid"
      >
        <li>
          Chloe
        </li>
        <li>
          Nigel
        </li>
        <li>
          Nico
        </li>
      </ul>
    </div>
    <div
      class="reshufflediv"
      data-testid="link"
    >
      <a
        class="reshuffle"
        href="/createTeams"
      >
        Re-shuffle
      </a>
    </div>
  </div>
</DocumentFragment>
`;
